\BOOKMARK [1][-]{section.1}{\376\377\000I\000n\000t\000r\000o\000d\000u\000c\000t\000i\000o\000n}{}% 1
\BOOKMARK [2][-]{subsection.1.1}{\376\377\000T\000h\000e\000\040\000P\000r\000o\000b\000l\000e\000m\000:\000\040\000P\000r\000e\000f\000e\000r\000e\000n\000c\000e\000\040\000S\000i\000g\000n\000a\000l\000\040\000W\000i\000t\000h\000o\000u\000t\000\040\000F\000o\000r\000m\000a\000l\000\040\000V\000a\000l\000i\000d\000i\000t\000y\000\040\000C\000r\000i\000t\000e\000r\000i\000a}{section.1}% 2
\BOOKMARK [2][-]{subsection.1.2}{\376\377\000A\000n\000\040\000E\000m\000p\000i\000r\000i\000c\000a\000l\000\040\000O\000b\000s\000e\000r\000v\000a\000t\000i\000o\000n}{section.1}% 3
\BOOKMARK [2][-]{subsection.1.3}{\376\377\000T\000h\000e\000\040\000O\000n\000t\000o\000l\000o\000g\000i\000c\000a\000l\000\040\000C\000o\000n\000t\000r\000o\000l\000\040\000P\000r\000i\000n\000c\000i\000p\000l\000e}{section.1}% 4
\BOOKMARK [2][-]{subsection.1.4}{\376\377\000C\000o\000n\000t\000r\000i\000b\000u\000t\000i\000o\000n\000s}{section.1}% 5
\BOOKMARK [2][-]{subsection.1.5}{\376\377\000S\000t\000r\000u\000c\000t\000u\000r\000e\000\040\000o\000f\000\040\000t\000h\000e\000\040\000P\000a\000p\000e\000r}{section.1}% 6
\BOOKMARK [1][-]{section.2}{\376\377\000E\000v\000o\000l\000u\000t\000i\000o\000n\000\040\000o\000f\000\040\000O\000n\000t\000o\000l\000o\000g\000i\000c\000a\000l\000\040\000C\000o\000n\000t\000r\000o\000l}{}% 7
\BOOKMARK [2][-]{subsection.2.1}{\376\377\000L\000e\000v\000e\000l\000\040\000I\000:\000\040\000O\000n\000t\000o\000l\000o\000g\000i\000c\000a\000l\000\040\000C\000o\000n\000t\000r\000o\000l\000\040\000o\000f\000\040\000S\000y\000s\000t\000e\000m\000\040\000A\000r\000c\000h\000i\000t\000e\000c\000t\000u\000r\000e\000\040\000\050\0002\0000\0000\0003\040\023\0002\0000\0000\0006\000\051}{section.2}% 8
\BOOKMARK [2][-]{subsection.2.2}{\376\377\000L\000e\000v\000e\000l\000\040\000I\000I\000:\000\040\000O\000n\000t\000o\000l\000o\000g\000i\000c\000a\000l\000\040\000C\000o\000n\000t\000r\000o\000l\000\040\000o\000f\000\040\000N\000L\000\040\000T\000e\000x\000t\000\040\000P\000r\000o\000c\000e\000s\000s\000i\000n\000g\000\040\000\050\0002\0000\0001\0002\040\023\0002\0000\0002\0000\000\051}{section.2}% 9
\BOOKMARK [2][-]{subsection.2.3}{\376\377\000L\000e\000v\000e\000l\000\040\000I\000I\000I\000:\000\040\000O\000n\000t\000o\000l\000o\000g\000i\000c\000a\000l\000\040\000C\000o\000n\000t\000r\000o\000l\000\040\000o\000f\000\040\000L\000L\000M\000\040\000O\000u\000t\000p\000u\000t\000\040\000\050\0002\0000\0002\0003\040\023\0002\0000\0002\0004\000\051}{section.2}% 10
\BOOKMARK [2][-]{subsection.2.4}{\376\377\000L\000e\000v\000e\000l\000\040\000I\000V\000:\000\040\000O\000n\000t\000o\000l\000o\000g\000i\000c\000a\000l\000\040\000C\000o\000n\000t\000r\000o\000l\000\040\000o\000f\000\040\000E\000v\000o\000l\000u\000t\000i\000o\000n\000a\000r\000y\000\040\000D\000y\000n\000a\000m\000i\000c\000s\000\040\000\050\0002\0000\0002\0005\000\051}{section.2}% 11
\BOOKMARK [2][-]{subsection.2.5}{\376\377\000L\000e\000v\000e\000l\000\040\000V\000:\000\040\000O\000n\000t\000o\000l\000o\000g\000i\000c\000a\000l\000\040\000C\000o\000n\000t\000r\000o\000l\000\040\000o\000f\000\040\000H\000u\000m\000a\000n\000\040\000O\000v\000e\000r\000s\000i\000g\000h\000t\000\040\000\050\000T\000h\000i\000s\000\040\000P\000a\000p\000e\000r\000\051}{section.2}% 12
\BOOKMARK [1][-]{section.3}{\376\377\000F\000o\000r\000m\000a\000l\000\040\000M\000o\000d\000e\000l\000\040\000o\000f\000\040\000t\000h\000e\000\040\000D\000o\000m\000a\000i\000n\000\040\000C\000o\000n\000s\000t\000i\000t\000u\000t\000i\000o\000n}{}% 13
\BOOKMARK [2][-]{subsection.3.1}{\376\377\000S\000i\000g\000n\000a\000t\000u\000r\000e}{section.3}% 14
\BOOKMARK [2][-]{subsection.3.2}{\376\377\000T\000B\000o\000x\000:\000\040\000A\000x\000i\000o\000m\000a\000t\000i\000z\000a\000t\000i\000o\000n\000\040\000o\000f\000\040\000t\000h\000e\000\040\000F\000i\000v\000e\000\040\000C\000o\000n\000d\000i\000t\000i\000o\000n\000s}{section.3}% 15
\BOOKMARK [2][-]{subsection.3.3}{\376\377\000D\000e\000f\000i\000n\000e\000d\000\040\000C\000o\000n\000c\000e\000p\000t\000:\000\040\000V\000a\000l\000i\000d\000\040\000O\000v\000e\000r\000s\000i\000g\000h\000t}{section.3}% 16
\BOOKMARK [2][-]{subsection.3.4}{\376\377\000N\000e\000g\000a\000t\000i\000v\000e\000\040\000C\000l\000a\000s\000s\000i\000f\000i\000c\000a\000t\000i\000o\000n\000:\000\040\000I\000n\000v\000a\000l\000i\000d\000\040\000O\000v\000e\000r\000s\000i\000g\000h\000t\000\040\000P\000a\000t\000t\000e\000r\000n\000s}{section.3}% 17
\BOOKMARK [2][-]{subsection.3.5}{\376\377\000P\000a\000r\000t\000i\000a\000l\000\040\000O\000v\000e\000r\000s\000i\000g\000h\000t\000\040\000a\000n\000d\000\040\000G\000r\000a\000d\000e\000d\000\040\000C\000l\000a\000s\000s\000i\000f\000i\000c\000a\000t\000i\000o\000n}{section.3}% 18
\BOOKMARK [2][-]{subsection.3.6}{\376\377\000R\000e\000a\000s\000o\000n\000i\000n\000g\000\040\000T\000a\000s\000k\000s}{section.3}% 19
\BOOKMARK [2][-]{subsection.3.7}{\376\377\000F\000o\000r\000m\000a\000l\000\040\000P\000r\000o\000p\000e\000r\000t\000i\000e\000s}{section.3}% 20
\BOOKMARK [1][-]{section.4}{\376\377\000C\000o\000m\000p\000a\000r\000i\000s\000o\000n\000:\000\040\000O\000n\000t\000o\000C\000h\000a\000t\000G\000P\000T\000\040\000v\000s\000.\000\040\000D\000o\000m\000a\000i\000n\000\040\000C\000o\000n\000s\000t\000i\000t\000u\000t\000i\000o\000n}{}% 21
\BOOKMARK [2][-]{subsection.4.1}{\376\377\000S\000h\000a\000r\000e\000d\000\040\000P\000r\000i\000n\000c\000i\000p\000l\000e\000:\000\040\000F\000o\000r\000m\000a\000l\000\040\000S\000t\000r\000u\000c\000t\000u\000r\000e\000\040\000a\000s\000\040\000A\000c\000t\000i\000v\000e\000\040\000C\000o\000n\000t\000r\000o\000l}{section.4}% 22
\BOOKMARK [2][-]{subsection.4.2}{\376\377\000S\000t\000r\000u\000c\000t\000u\000r\000a\000l\000\040\000D\000i\000f\000f\000e\000r\000e\000n\000c\000e\000s}{section.4}% 23
\BOOKMARK [3][-]{subsubsection.4.2.1}{\376\377\000O\000b\000j\000e\000c\000t\000\040\000o\000f\000\040\000C\000o\000n\000t\000r\000o\000l}{subsection.4.2}% 24
\BOOKMARK [3][-]{subsubsection.4.2.2}{\376\377\000C\000o\000n\000t\000r\000o\000l\000\040\000P\000h\000a\000s\000e}{subsection.4.2}% 25
\BOOKMARK [3][-]{subsubsection.4.2.3}{\376\377\000H\000u\000m\000a\000n\000\040\000R\000o\000l\000e}{subsection.4.2}% 26
\BOOKMARK [3][-]{subsubsection.4.2.4}{\376\377\000S\000u\000c\000c\000e\000s\000s\000\040\000C\000r\000i\000t\000e\000r\000i\000o\000n}{subsection.4.2}% 27
\BOOKMARK [2][-]{subsection.4.3}{\376\377\000F\000o\000r\000m\000a\000l\000\040\000S\000u\000b\000s\000u\000m\000p\000t\000i\000o\000n\000\040\000A\000n\000a\000l\000y\000s\000i\000s}{section.4}% 28
\BOOKMARK [2][-]{subsection.4.4}{\376\377\000C\000o\000m\000p\000l\000e\000m\000e\000n\000t\000a\000r\000i\000t\000y\000\040\000a\000n\000d\000\040\000I\000n\000t\000e\000g\000r\000a\000t\000i\000o\000n}{section.4}% 29
\BOOKMARK [2][-]{subsection.4.5}{\376\377\000C\000o\000n\000d\000i\000t\000i\000o\000n\000-\000L\000e\000v\000e\000l\000\040\000A\000n\000a\000l\000y\000s\000i\000s}{section.4}% 30
\BOOKMARK [1][-]{section.5}{\376\377\000O\000W\000L\000\040\000R\000e\000a\000l\000i\000z\000a\000t\000i\000o\000n\000\040\000a\000n\000d\000\040\000V\000e\000r\000i\000f\000i\000c\000a\000t\000i\000o\000n}{}% 31
\BOOKMARK [2][-]{subsection.5.1}{\376\377\000O\000n\000t\000o\000l\000o\000g\000y\000\040\000I\000m\000p\000l\000e\000m\000e\000n\000t\000a\000t\000i\000o\000n}{section.5}% 32
\BOOKMARK [2][-]{subsection.5.2}{\376\377\000A\000B\000o\000x\000:\000\040\000L\000E\000X\000\040\000A\000I\000\040\000C\000a\000s\000e\000\040\000S\000t\000u\000d\000y\000\040\000I\000n\000s\000t\000a\000n\000t\000i\000a\000t\000i\000o\000n}{section.5}% 33
\BOOKMARK [2][-]{subsection.5.3}{\376\377\000A\000u\000t\000o\000m\000a\000t\000e\000d\000\040\000V\000e\000r\000i\000f\000i\000c\000a\000t\000i\000o\000n}{section.5}% 34
\BOOKMARK [1][-]{section.6}{\376\377\000E\000m\000p\000i\000r\000i\000c\000a\000l\000\040\000V\000a\000l\000i\000d\000a\000t\000i\000o\000n}{}% 35
\BOOKMARK [2][-]{subsection.6.1}{\376\377\000O\000u\000t\000c\000o\000m\000e\000\040\000R\000a\000t\000e\000s\000\040\000b\000y\000\040\000O\000v\000e\000r\000s\000i\000g\000h\000t\000\040\000G\000r\000a\000d\000e}{section.6}% 36
\BOOKMARK [2][-]{subsection.6.2}{\376\377\000E\000d\000i\000t\000\040\000D\000i\000s\000t\000r\000i\000b\000u\000t\000i\000o\000n\000\040\000b\000y\000\040\000O\000v\000e\000r\000s\000i\000g\000h\000t\000\040\000T\000i\000e\000r}{section.6}% 37
\BOOKMARK [2][-]{subsection.6.3}{\376\377\000C\000o\000n\000n\000e\000c\000t\000i\000o\000n\000\040\000t\000o\000\040\000t\000h\000e\000\040\000M\000a\000i\000n\000\040\000P\000a\000p\000e\000r}{section.6}% 38
\BOOKMARK [2][-]{subsection.6.4}{\376\377\000L\000i\000m\000i\000t\000a\000t\000i\000o\000n\000s\000\040\000o\000f\000\040\000t\000h\000e\000\040\000E\000m\000p\000i\000r\000i\000c\000a\000l\000\040\000V\000a\000l\000i\000d\000a\000t\000i\000o\000n}{section.6}% 39
\BOOKMARK [1][-]{section.7}{\376\377\000D\000i\000s\000c\000u\000s\000s\000i\000o\000n}{}% 40
\BOOKMARK [2][-]{subsection.7.1}{\376\377\000F\000r\000o\000m\000\040\000O\000n\000t\000o\000l\000o\000g\000y\000-\000C\000o\000n\000t\000r\000o\000l\000l\000e\000d\000\040\000O\000u\000t\000p\000u\000t\000\040\000t\000o\000\040\000O\000n\000t\000o\000l\000o\000g\000y\000-\000C\000o\000n\000t\000r\000o\000l\000l\000e\000d\000\040\000T\000r\000a\000i\000n\000i\000n\000g}{section.7}% 41
\BOOKMARK [2][-]{subsection.7.2}{\376\377\000E\000v\000o\000l\000u\000t\000i\000o\000n\000a\000r\000y\000\040\000C\000y\000b\000e\000r\000n\000e\000t\000i\000c\000s\000\040\000a\000n\000d\000\040\000t\000h\000e\000\040\000S\000t\000a\000b\000i\000l\000i\000t\000y\000\040\000o\000f\000\040\000O\000v\000e\000r\000s\000i\000g\000h\000t}{section.7}% 42
\BOOKMARK [2][-]{subsection.7.3}{\376\377\000P\000r\000a\000c\000t\000i\000c\000a\000l\000\040\000I\000m\000p\000l\000i\000c\000a\000t\000i\000o\000n\000s\000\040\000f\000o\000r\000\040\000R\000L\000H\000F\000\040\000M\000e\000t\000h\000o\000d\000o\000l\000o\000g\000y}{section.7}% 43
\BOOKMARK [2][-]{subsection.7.4}{\376\377\000L\000i\000m\000i\000t\000a\000t\000i\000o\000n\000s\000\040\000o\000f\000\040\000t\000h\000e\000\040\000F\000o\000r\000m\000a\000l\000i\000z\000a\000t\000i\000o\000n}{section.7}% 44
\BOOKMARK [2][-]{subsection.7.5}{\376\377\000R\000e\000l\000a\000t\000i\000o\000n\000s\000h\000i\000p\000\040\000t\000o\000\040\000O\000t\000h\000e\000r\000\040\000F\000o\000r\000m\000a\000l\000\040\000A\000p\000p\000r\000o\000a\000c\000h\000e\000s}{section.7}% 45
\BOOKMARK [1][-]{section.8}{\376\377\000C\000o\000n\000c\000l\000u\000s\000i\000o\000n}{}% 46
