\BOOKMARK [1][-]{section.1}{\376\377\004\022\004\101\004\102\004\103\004\077\000:\000\040\004\077\004\100\004\076\004\061\004\073\004\065\004\074\004\060\000\040\004\061\004\065\004\067\004\077\004\065\004\100\004\065\004\100\004\062\004\075\004\076\004\101\004\102\004\126\000\040\004\103\004\077\004\100\004\060\004\062\004\073\004\126\004\075\004\075\004\117}{}% 1
\BOOKMARK [2][-]{subsection.1.1}{\376\377\004\020\004\072\004\102\004\103\004\060\004\073\004\114\004\075\004\126\004\101\004\102\004\114}{section.1}% 2
\BOOKMARK [2][-]{subsection.1.2}{\376\377\004\027\004\062\000'\004\117\004\067\004\076\004\072\000\040\004\067\004\126\000\040\004\110\004\072\004\076\004\073\004\076\004\116\000\040\004\072\004\126\004\061\004\065\004\100\004\075\004\065\004\102\004\070\004\107\004\075\004\076\004\063\004\076\000\040\004\103\004\077\004\100\004\060\004\062\004\073\004\126\004\075\004\075\004\117}{section.1}% 3
\BOOKMARK [2][-]{subsection.1.3}{\376\377\004\037\004\076\004\101\004\102\004\060\004\075\004\076\004\062\004\072\004\060\000\040\004\067\004\060\004\064\004\060\004\107\004\126}{section.1}% 4
\BOOKMARK [1][-]{section.2}{\376\377\004\020\004\075\004\060\004\073\004\126\004\067\000\040\004\126\004\101\004\075\004\103\004\116\004\107\004\070\004\105\000\040\004\077\004\126\004\064\004\105\004\076\004\064\004\126\004\062}{}% 5
\BOOKMARK [2][-]{subsection.2.1}{\376\377\004\041\004\070\004\101\004\102\004\065\004\074\004\070\000\040\004\077\004\060\004\074\000'\004\117\004\102\004\126\000\040\004\064\004\073\004\117\000\040\004\064\004\126\004\060\004\073\004\076\004\063\004\076\004\062\004\070\004\105\000\040\004\060\004\063\004\065\004\075\004\102\004\126\004\062}{section.2}% 6
\BOOKMARK [2][-]{subsection.2.2}{\376\377\004\022\004\070\004\102\004\117\004\063\004\103\004\062\004\060\004\075\004\075\004\117\000\040\004\064\004\073\004\117\000\040\004\077\004\100\004\076\004\063\004\100\004\060\004\074\004\075\004\070\004\105\000\040\004\060\004\063\004\065\004\075\004\102\004\126\004\062}{section.2}% 7
\BOOKMARK [2][-]{subsection.2.3}{\376\377\004\027\004\060\004\077\004\070\004\101\004\070\000\040\004\060\004\100\004\105\004\126\004\102\004\065\004\072\004\102\004\103\004\100\004\075\004\070\004\105\000\040\004\100\004\126\004\110\004\065\004\075\004\114}{section.2}% 8
\BOOKMARK [2][-]{subsection.2.4}{\376\377\004\034\004\076\004\064\004\065\004\073\004\126\000\040\004\067\000\040\004\064\004\076\004\062\004\063\004\070\004\074\000\040\004\072\004\076\004\075\004\102\004\065\004\072\004\101\004\102\004\076\004\074}{section.2}% 9
\BOOKMARK [2][-]{subsection.2.5}{\376\377\004\041\004\070\004\101\004\102\004\065\004\074\004\070\000\040\004\103\004\077\004\100\004\060\004\062\004\073\004\126\004\075\004\075\004\117\000\040\004\067\004\075\004\060\004\075\004\075\004\117\004\074\004\070\000\040\004\062\000\040\004\101\004\070\004\102\004\103\004\060\004\106\004\126\004\071\004\075\004\070\004\105\000\040\004\106\004\065\004\075\004\102\004\100\004\060\004\105}{section.2}% 10
\BOOKMARK [1][-]{section.3}{\376\377\004\044\004\076\004\100\004\074\004\060\004\073\004\126\004\067\004\060\004\106\004\126\004\117\000\040\004\077\004\100\004\076\004\061\004\073\004\065\004\074\004\070}{}% 11
\BOOKMARK [2][-]{subsection.3.1}{\376\377\004\042\004\100\004\070\000\040\004\105\004\060\004\100\004\060\004\072\004\102\004\065\004\100\004\070\004\101\004\102\004\070\004\072\004\070\000\040\004\064\004\076\004\062\004\063\004\076\004\101\004\102\004\100\004\076\004\072\004\076\004\062\004\070\004\105\000\040\004\074\004\126\004\101\004\126\004\071}{section.3}% 12
\BOOKMARK [2][-]{subsection.3.2}{\376\377\004\037\004\100\004\076\004\061\004\073\004\065\004\074\004\060\000\040\004\126\004\075\004\126\004\106\004\126\004\060\004\073\004\126\004\067\004\060\004\106\004\126\004\127\000\040\004\101\004\065\004\101\004\126\004\127}{section.3}% 13
\BOOKMARK [2][-]{subsection.3.3}{\376\377\004\044\004\076\004\100\004\074\004\060\004\073\004\114\004\075\004\060\000\040\004\077\004\076\004\101\004\102\004\060\004\075\004\076\004\062\004\072\004\060}{section.3}% 14
\BOOKMARK [1][-]{section.4}{\376\377\004\020\004\100\004\105\004\126\004\102\004\065\004\072\004\102\004\103\004\100\004\060\000\040\004\102\004\100\004\070\004\100\004\126\004\062\004\075\004\065\004\062\004\076\004\127\000\040\004\077\004\060\004\074\000'\004\117\004\102\004\126}{}% 15
\BOOKMARK [2][-]{subsection.4.1}{\376\377\004\037\004\100\004\065\004\064\004\074\004\065\004\102\004\075\004\070\004\071\000\040\004\100\004\126\004\062\004\065\004\075\004\114\000\040\000\050\000D\000o\000m\000a\000i\000n\000\040\000L\000a\000y\000e\000r\000\051}{section.4}% 16
\BOOKMARK [2][-]{subsection.4.2}{\376\377\004\040\004\076\004\061\004\076\004\107\004\070\004\071\000\040\004\100\004\126\004\062\004\065\004\075\004\114\000\040\000\050\000W\000o\000r\000k\000f\000l\000o\000w\000\040\000L\000a\000y\000e\000r\000\051}{section.4}% 17
\BOOKMARK [2][-]{subsection.4.3}{\376\377\004\040\004\126\004\062\004\065\004\075\004\114\000\040\004\076\004\077\004\065\004\100\004\060\004\102\004\076\004\100\004\060\000\040\000\050\000P\000r\000a\000c\000t\000i\000t\000i\000o\000n\000e\000r\000\040\000L\000a\000y\000e\000r\000\051}{section.4}% 18
\BOOKMARK [1][-]{section.5}{\376\377\004\024\004\062\004\076\004\100\004\065\004\066\004\070\004\074\004\075\004\065\000\040\004\062\004\070\004\102\004\117\004\063\004\103\004\062\004\060\004\075\004\075\004\117}{}% 19
\BOOKMARK [2][-]{subsection.5.1}{\376\377\000P\000u\000l\000l\000-\004\100\004\065\004\066\004\070\004\074\000\040\000\050\004\060\004\072\004\102\004\070\004\062\004\075\004\126\000\040\004\101\004\065\004\101\004\126\004\127\000\051}{section.5}% 20
\BOOKMARK [2][-]{subsection.5.2}{\376\377\000P\000u\000s\000h\000-\004\100\004\065\004\066\004\070\004\074\000\040\000\050\004\104\004\076\004\075\004\076\004\062\004\065\000\040\004\076\004\075\004\076\004\062\004\073\004\065\004\075\004\075\004\117\000\051}{section.5}% 21
\BOOKMARK [2][-]{subsection.5.3}{\376\377\004\047\004\076\004\074\004\103\000\040\004\075\004\065\004\076\004\061\004\105\004\126\004\064\004\075\004\126\000\040\004\076\004\061\004\070\004\064\004\062\004\060\000\040\004\100\004\065\004\066\004\070\004\074\004\070}{section.5}% 22
\BOOKMARK [2][-]{subsection.5.4}{\376\377\004\041\004\070\004\063\004\075\004\060\004\073\000\040\004\072\004\076\004\100\004\065\004\072\004\106\004\126\004\127\000\040\004\062\004\070\004\102\004\117\004\063\004\103\004\062\004\060\004\075\004\075\004\117}{section.5}% 23
\BOOKMARK [1][-]{section.6}{\376\377\004\024\004\065\004\102\004\060\004\073\004\126\000\040\004\100\004\065\004\060\004\073\004\126\004\067\004\060\004\106\004\126\004\127}{}% 24
\BOOKMARK [2][-]{subsection.6.1}{\376\377\004\006\004\075\004\101\004\102\004\100\004\103\004\074\004\065\004\075\004\102\000\040\004\067\004\060\004\077\004\070\004\102\004\103\000\040\004\064\004\076\000\040\004\077\004\060\004\074\000'\004\117\004\102\004\126}{section.6}% 25
\BOOKMARK [2][-]{subsection.6.2}{\376\377\004\036\004\100\004\072\004\065\004\101\004\102\004\100\004\060\004\102\004\076\004\100\000\040\004\064\004\076\004\062\004\063\004\076\004\101\004\102\004\100\004\076\004\072\004\076\004\062\004\070\004\105\000\040\004\067\004\060\004\064\004\060\004\107}{section.6}% 26
\BOOKMARK [1][-]{section.7}{\376\377\004\025\004\072\004\101\004\077\004\065\004\100\004\070\004\074\004\065\004\075\004\102\004\060\004\073\004\114\004\075\004\060\000\040\004\062\004\065\004\100\004\070\004\104\004\126\004\072\004\060\004\106\004\126\004\117}{}% 27
\BOOKMARK [2][-]{subsection.7.1}{\376\377\004\037\004\073\004\060\004\102\004\104\004\076\004\100\004\074\004\060\000\040\004\062\004\065\004\100\004\070\004\104\004\126\004\072\004\060\004\106\004\126\004\127}{section.7}% 28
\BOOKMARK [2][-]{subsection.7.2}{\376\377\004\034\004\065\004\102\004\100\004\070\004\072\004\070}{section.7}% 29
\BOOKMARK [2][-]{subsection.7.3}{\376\377\004\037\004\076\004\077\004\065\004\100\004\065\004\064\004\075\004\126\000\040\004\100\004\065\004\067\004\103\004\073\004\114\004\102\004\060\004\102\004\070}{section.7}% 30
\BOOKMARK [2][-]{subsection.7.4}{\376\377\004\027\004\060\004\063\004\100\004\076\004\067\004\070\000\040\004\062\004\060\004\073\004\126\004\064\004\075\004\076\004\101\004\102\004\126}{section.7}% 31
\BOOKMARK [2][-]{subsection.7.5}{\376\377\004\027\004\060\004\101\004\102\004\076\004\101\004\076\004\062\004\075\004\126\004\101\004\102\004\114\000\040\004\064\004\076\000\040\004\103\004\077\004\100\004\060\004\062\004\073\004\126\004\075\004\075\004\117\000\040\004\021\004\037\004\033\004\020\000\040\004\102\004\060\000\040\004\101\004\070\004\102\004\103\004\060\004\106\004\126\004\071\004\075\004\070\004\105\000\040\004\106\004\065\004\075\004\102\004\100\004\126\004\062}{section.7}% 32
\BOOKMARK [1][-]{section.8}{\376\377\004\036\004\061\004\063\004\076\004\062\004\076\004\100\004\065\004\075\004\075\004\117}{}% 33
\BOOKMARK [2][-]{subsection.8.1}{\376\377\004\022\004\126\004\064\000\040\004\077\004\060\004\074\000'\004\117\004\102\004\126\000\040\004\077\004\100\004\076\004\063\004\100\004\060\004\074\004\075\004\076\004\063\004\076\000\040\004\060\004\063\004\065\004\075\004\102\004\060\000\040\004\064\004\076\000\040\004\077\004\060\004\074\000'\004\117\004\102\004\126\000\040\004\061\004\076\004\071\004\076\004\062\004\076\004\127\000\040\004\101\004\070\004\101\004\102\004\065\004\074\004\070}{section.8}% 34
\BOOKMARK [2][-]{subsection.8.2}{\376\377\004\025\004\062\004\076\004\073\004\116\004\106\004\126\004\071\004\075\004\060\000\040\004\072\004\126\004\061\004\065\004\100\004\075\004\065\004\102\004\070\004\072\004\060\000\040\004\102\004\060\000\040\004\060\004\064\004\060\004\077\004\102\004\060\004\106\004\126\004\117\000\040\004\077\004\060\004\074\000'\004\117\004\102\004\126}{section.8}% 35
\BOOKMARK [2][-]{subsection.8.3}{\376\377\004\027\004\062\000'\004\117\004\067\004\076\004\072\000\040\004\067\000\040\004\076\004\075\004\102\004\076\004\073\004\076\004\063\004\126\004\107\004\075\004\076\000-\004\072\004\065\004\100\004\076\004\062\004\060\004\075\004\070\004\074\004\070\000\040\004\101\004\070\004\101\004\102\004\065\004\074\004\060\004\074\004\070}{section.8}% 36
\BOOKMARK [2][-]{subsection.8.4}{\376\377\004\037\004\060\004\074\000'\004\117\004\102\004\114\000\040\004\117\004\072\000\040\004\101\004\103\004\061\004\101\004\102\004\100\004\060\004\102\000\040\004\075\004\060\004\062\004\107\004\060\004\075\004\075\004\117\000\040\004\067\000\040\004\077\004\126\004\064\004\072\004\100\004\126\004\077\004\073\004\065\004\075\004\075\004\117\004\074}{section.8}% 37
\BOOKMARK [2][-]{subsection.8.5}{\376\377\004\037\004\060\004\074\000'\004\117\004\102\004\114\000\040\004\117\004\072\000\040\004\077\004\076\004\062\004\065\004\100\004\105\004\075\004\117\000\040\004\074\004\060\004\101\004\110\004\102\004\060\004\061\004\076\004\062\004\060\004\075\004\076\004\063\004\076\000\040\004\075\004\060\004\063\004\073\004\117\004\064\004\103}{section.8}% 38
\BOOKMARK [2][-]{subsection.8.6}{\376\377\004\037\004\076\004\062\004\065\004\064\004\126\004\075\004\072\004\060\000\040\004\077\004\060\004\074\000'\004\117\004\102\004\126\000\040\004\077\004\100\004\070\000\040\004\065\004\101\004\072\004\060\004\073\004\060\004\106\004\126\004\127\000\040\004\077\004\076\004\064\004\126\004\071}{section.8}% 39
\BOOKMARK [2][-]{subsection.8.7}{\376\377\004\043\004\067\004\060\004\063\004\060\004\073\004\114\004\075\004\065\004\075\004\075\004\117\000\040\004\075\004\060\000\040\004\072\004\076\004\074\004\060\004\075\004\064\004\070}{section.8}% 40
\BOOKMARK [2][-]{subsection.8.8}{\376\377\004\047\004\070\004\074\000\040\004\106\004\065\000\040\004\075\004\065\000\040\004\124}{section.8}% 41
\BOOKMARK [1][-]{section.9}{\376\377\004\036\004\061\004\074\004\065\004\066\004\065\004\075\004\075\004\117}{}% 42
\BOOKMARK [1][-]{section.10}{\376\377\004\022\004\070\004\101\004\075\004\076\004\062\004\072\004\070}{}% 43
